// Jest Snapshot v1, https://goo.gl/fbAQLP

exports[`Login page snapshot 1`] = `
<div>
  <main>
    <form
      class=""
    >
      <div
        class="mb-3"
      >
        <label
          class="form-label"
          for="formBasicEmail"
        >
          Email address
        </label>
        <input
          class="form-control"
          id="formBasicEmail"
          name="email"
          placeholder="Enter email"
          type="email"
          value=""
        />
        <small
          class="text-muted form-text"
        >
          We'll never share your email with anyone else.
        </small>
      </div>
      <div
        class="mb-3"
      >
        <label
          class="form-label"
          for="formBasicPassword"
        >
          Password
        </label>
        <input
          class="form-control"
          id="formBasicPassword"
          name="password"
          placeholder="Password"
          type="password"
          value=""
        />
      </div>
      <div
        class="mb-3"
      >
        <div
          class="form-check"
        >
          <input
            class="form-check-input"
            id="formBasicCheckbox"
            name="remember"
            type="checkbox"
            value="remember"
          />
          <label
            class="form-check-label"
            for="formBasicCheckbox"
            title=""
          >
            Remember me!
          </label>
        </div>
      </div>
      <button
        class="btn btn-primary"
        disabled=""
        type="submit"
      >
        Submit
      </button>
    </form>
  </main>
</div>
`;
